*** EVALUATION ***
PROGRAM "91_Unit_Guard.abs"

*********************************************************************************************
TARGET SECTION
---------------------------------------------------------------------------------------------
Processor   : Freescale HC08
Memory Model: SMALL
File Format : ELF\DWARF 2.0
Linker      : SmartLinker V-5.0.51 Build 14019, Jan 20 2014

*********************************************************************************************
FILE SECTION
---------------------------------------------------------------------------------------------
main_c.obj                              Model: SMALL,         Lang: ANSI-C
start08_c.obj                           Model: SMALL,         Lang: ANSI-C
mc9s08ac60_c.obj                        Model: SMALL,         Lang: ANSI-C
rtshc08.o (ansiis.lib)                  Model: SMALL,         Lang: ANSI-C

*********************************************************************************************
STARTUP SECTION
---------------------------------------------------------------------------------------------
Entry point: 0x18DB (_Startup)
_startupData is allocated at 0x18E4 and uses 6 Bytes
extern struct _tagStartup {
  unsigned nofZeroOut     1
  _Range   pZeroOut       0x100     687
  _Copy    *toCopyDownBeg 0x265B
} _startupData;

*********************************************************************************************
SECTION-ALLOCATION SECTION
Section Name                    Size  Type     From       To       Segment
---------------------------------------------------------------------------------------------
.data                            148   R/W      0x100      0x193   RAM
.init                            132     R     0x1860     0x18E3   ROM
.startData                        14     R     0x18E4     0x18F1   ROM
.rodata                           30     R     0x18F2     0x190F   ROM
.text                           3403     R     0x1910     0x265A   ROM
.copy                            154     R     0x265B     0x26F4   ROM
.abs_section_ffe2                  2     R     0xFFE2     0xFFE3   .absSeg0
.abs_section_ffde                  2     R     0xFFDE     0xFFDF   .absSeg1
.abs_section_ffdc                  2     R     0xFFDC     0xFFDD   .absSeg2
.abs_section_ffda                  2     R     0xFFDA     0xFFDB   .absSeg3
.abs_section_ffd8                  2     R     0xFFD8     0xFFD9   .absSeg4
.abs_section_ffd6                  2     R     0xFFD6     0xFFD7   .absSeg5
.abs_section_ffd4                  2     R     0xFFD4     0xFFD5   .absSeg6
.abs_section_0                     1   N/I        0x0        0x0   .absSeg7
.abs_section_1                     1   N/I        0x1        0x1   .absSeg8
.abs_section_2                     1   N/I        0x2        0x2   .absSeg9
.abs_section_3                     1   N/I        0x3        0x3   .absSeg10
.abs_section_4                     1   N/I        0x4        0x4   .absSeg11
.abs_section_5                     1   N/I        0x5        0x5   .absSeg12
.abs_section_6                     1   N/I        0x6        0x6   .absSeg13
.abs_section_7                     1   N/I        0x7        0x7   .absSeg14
.abs_section_8                     1   N/I        0x8        0x8   .absSeg15
.abs_section_9                     1   N/I        0x9        0x9   .absSeg16
.abs_section_a                     1   N/I        0xA        0xA   .absSeg17
.abs_section_b                     1   N/I        0xB        0xB   .absSeg18
.abs_section_c                     1   N/I        0xC        0xC   .absSeg19
.abs_section_d                     1   N/I        0xD        0xD   .absSeg20
.abs_section_10                    1   N/I       0x10       0x10   .absSeg21
.abs_section_11                    1   N/I       0x11       0x11   .absSeg22
.abs_section_16                    1   N/I       0x16       0x16   .absSeg23
.abs_section_17                    1   N/I       0x17       0x17   .absSeg24
.abs_section_18                    1   N/I       0x18       0x18   .absSeg25
.abs_section_1c                    1   N/I       0x1C       0x1C   .absSeg26
.abs_section_1e                    1   N/I       0x1E       0x1E   .absSeg27
.abs_section_1f                    1   N/I       0x1F       0x1F   .absSeg28
.abs_section_20                    1   N/I       0x20       0x20   .absSeg29
.abs_section_25                    1   N/I       0x25       0x25   .absSeg30
.abs_section_28                    1   N/I       0x28       0x28   .absSeg31
.abs_section_2b                    1   N/I       0x2B       0x2B   .absSeg32
.abs_section_2e                    1   N/I       0x2E       0x2E   .absSeg33
.abs_section_31                    1   N/I       0x31       0x31   .absSeg34
.abs_section_34                    1   N/I       0x34       0x34   .absSeg35
.abs_section_3a                    1   N/I       0x3A       0x3A   .absSeg36
.abs_section_3b                    1   N/I       0x3B       0x3B   .absSeg37
.abs_section_3c                    1   N/I       0x3C       0x3C   .absSeg38
.abs_section_3d                    1   N/I       0x3D       0x3D   .absSeg39
.abs_section_3e                    1   N/I       0x3E       0x3E   .absSeg40
.abs_section_3f                    1   N/I       0x3F       0x3F   .absSeg41
.abs_section_42                    1   N/I       0x42       0x42   .absSeg42
.abs_section_43                    1   N/I       0x43       0x43   .absSeg43
.abs_section_44                    1   N/I       0x44       0x44   .absSeg44
.abs_section_45                    1   N/I       0x45       0x45   .absSeg45
.abs_section_46                    1   N/I       0x46       0x46   .absSeg46
.abs_section_47                    1   N/I       0x47       0x47   .absSeg47
.abs_section_48                    1   N/I       0x48       0x48   .absSeg48
.abs_section_49                    1   N/I       0x49       0x49   .absSeg49
.abs_section_4a                    1   N/I       0x4A       0x4A   .absSeg50
.abs_section_4b                    1   N/I       0x4B       0x4B   .absSeg51
.abs_section_4e                    1   N/I       0x4E       0x4E   .absSeg52
.abs_section_50                    1   N/I       0x50       0x50   .absSeg53
.abs_section_51                    1   N/I       0x51       0x51   .absSeg54
.abs_section_52                    1   N/I       0x52       0x52   .absSeg55
.abs_section_53                    1   N/I       0x53       0x53   .absSeg56
.abs_section_55                    1   N/I       0x55       0x55   .absSeg57
.abs_section_56                    1   N/I       0x56       0x56   .absSeg58
.abs_section_57                    1   N/I       0x57       0x57   .absSeg59
.abs_section_58                    1   N/I       0x58       0x58   .absSeg60
.abs_section_59                    1   N/I       0x59       0x59   .absSeg61
.abs_section_5a                    1   N/I       0x5A       0x5A   .absSeg62
.abs_section_5b                    1   N/I       0x5B       0x5B   .absSeg63
.abs_section_5c                    1   N/I       0x5C       0x5C   .absSeg64
.abs_section_5d                    1   N/I       0x5D       0x5D   .absSeg65
.abs_section_60                    1   N/I       0x60       0x60   .absSeg66
.abs_section_65                    1   N/I       0x65       0x65   .absSeg67
.abs_section_68                    1   N/I       0x68       0x68   .absSeg68
.abs_section_1800                  1   N/I     0x1800     0x1800   .absSeg69
.abs_section_1801                  1   N/I     0x1801     0x1801   .absSeg70
.abs_section_1802                  1   N/I     0x1802     0x1802   .absSeg71
.abs_section_1803                  1   N/I     0x1803     0x1803   .absSeg72
.abs_section_1808                  1   N/I     0x1808     0x1808   .absSeg73
.abs_section_1809                  1   N/I     0x1809     0x1809   .absSeg74
.abs_section_180a                  1   N/I     0x180A     0x180A   .absSeg75
.abs_section_180c                  1   N/I     0x180C     0x180C   .absSeg76
.abs_section_1816                  1   N/I     0x1816     0x1816   .absSeg77
.abs_section_1817                  1   N/I     0x1817     0x1817   .absSeg78
.abs_section_1818                  1   N/I     0x1818     0x1818   .absSeg79
.abs_section_1820                  1   N/I     0x1820     0x1820   .absSeg80
.abs_section_1821                  1   N/I     0x1821     0x1821   .absSeg81
.abs_section_1823                  1   N/I     0x1823     0x1823   .absSeg82
.abs_section_1824                  1   N/I     0x1824     0x1824   .absSeg83
.abs_section_1825                  1   N/I     0x1825     0x1825   .absSeg84
.abs_section_1826                  1   N/I     0x1826     0x1826   .absSeg85
.abs_section_1830                  1   N/I     0x1830     0x1830   .absSeg86
.abs_section_1835                  1   N/I     0x1835     0x1835   .absSeg87
.abs_section_1838                  1   N/I     0x1838     0x1838   .absSeg88
.abs_section_1840                  1   N/I     0x1840     0x1840   .absSeg89
.abs_section_1841                  1   N/I     0x1841     0x1841   .absSeg90
.abs_section_1842                  1   N/I     0x1842     0x1842   .absSeg91
.abs_section_1844                  1   N/I     0x1844     0x1844   .absSeg92
.abs_section_1845                  1   N/I     0x1845     0x1845   .absSeg93
.abs_section_1846                  1   N/I     0x1846     0x1846   .absSeg94
.abs_section_1848                  1   N/I     0x1848     0x1848   .absSeg95
.abs_section_1849                  1   N/I     0x1849     0x1849   .absSeg96
.abs_section_184a                  1   N/I     0x184A     0x184A   .absSeg97
.abs_section_184c                  1   N/I     0x184C     0x184C   .absSeg98
.abs_section_184d                  1   N/I     0x184D     0x184D   .absSeg99
.abs_section_184e                  1   N/I     0x184E     0x184E   .absSeg100
.abs_section_1850                  1   N/I     0x1850     0x1850   .absSeg101
.abs_section_1851                  1   N/I     0x1851     0x1851   .absSeg102
.abs_section_1852                  1   N/I     0x1852     0x1852   .absSeg103
.abs_section_1854                  1   N/I     0x1854     0x1854   .absSeg104
.abs_section_1855                  1   N/I     0x1855     0x1855   .absSeg105
.abs_section_1856                  1   N/I     0x1856     0x1856   .absSeg106
.abs_section_1858                  1   N/I     0x1858     0x1858   .absSeg107
.abs_section_1859                  1   N/I     0x1859     0x1859   .absSeg108
.abs_section_185a                  1   N/I     0x185A     0x185A   .absSeg109
.abs_section_12                    2   N/I       0x12       0x13   .absSeg110
.abs_section_14                    2   N/I       0x14       0x15   .absSeg111
.abs_section_21                    2   N/I       0x21       0x22   .absSeg112
.abs_section_23                    2   N/I       0x23       0x24   .absSeg113
.abs_section_26                    2   N/I       0x26       0x27   .absSeg114
.abs_section_29                    2   N/I       0x29       0x2A   .absSeg115
.abs_section_2c                    2   N/I       0x2C       0x2D   .absSeg116
.abs_section_2f                    2   N/I       0x2F       0x30   .absSeg117
.abs_section_32                    2   N/I       0x32       0x33   .absSeg118
.abs_section_35                    2   N/I       0x35       0x36   .absSeg119
.abs_section_38                    2   N/I       0x38       0x39   .absSeg120
.abs_section_40                    2   N/I       0x40       0x41   .absSeg121
.abs_section_4c                    2   N/I       0x4C       0x4D   .absSeg122
.abs_section_61                    2   N/I       0x61       0x62   .absSeg123
.abs_section_63                    2   N/I       0x63       0x64   .absSeg124
.abs_section_66                    2   N/I       0x66       0x67   .absSeg125
.abs_section_69                    2   N/I       0x69       0x6A   .absSeg126
.abs_section_1806                  2   N/I     0x1806     0x1807   .absSeg127
.abs_section_1810                  2   N/I     0x1810     0x1811   .absSeg128
.abs_section_1812                  2   N/I     0x1812     0x1813   .absSeg129
.abs_section_1814                  2   N/I     0x1814     0x1815   .absSeg130
.abs_section_1831                  2   N/I     0x1831     0x1832   .absSeg131
.abs_section_1833                  2   N/I     0x1833     0x1834   .absSeg132
.abs_section_1836                  2   N/I     0x1836     0x1837   .absSeg133
.abs_section_1839                  2   N/I     0x1839     0x183A   .absSeg134
.bss                               6   R/W      0x194      0x199   RAM
.common                          533   R/W      0x19A      0x3AE   RAM
.stack                           128   R/W      0x3AF      0x42E   RAM
.vectSeg135_vect                   2     R     0xFFFE     0xFFFF   .vectSeg135

Summary of section sizes per section type:
READ_ONLY (R):         EA5 (dec:     3749)
READ_WRITE (R/W):      32F (dec:      815)
NO_INIT (N/I):          99 (dec:      153)

*********************************************************************************************
VECTOR-ALLOCATION SECTION
    Address     InitValue   InitFunction
---------------------------------------------------------------------------------------------
     0xFFFE        0x18DB   _Startup

*********************************************************************************************
OBJECT-ALLOCATION SECTION
     Name               Module                 Addr   hSize   dSize     Ref    Section   RLIB
---------------------------------------------------------------------------------------------
MODULE:                 -- main_c.obj --
- PROCEDURES:
     INIT_LIST_HEAD                            1910      20      32       1   .text       
     read7037byte                              1930      50      80       4   .text       
     write7037byte                             1980      42      66       2   .text       
     WRC7037byte                               19C2      79     121       1   .text       
     init7037                                  1A3B      83     131       4   .text       
     power_down7037                            1ABE       B      11       1   .text       
     send2host                                 1AC9      5D      93       1   .text       
     prepare_sndarm_pack                       1B26     295     661      29   .text       
     led_rx_onoff                              1DBB       D      13       2   .text       
     respond2Host                              1DC8     1A1     417       4   .text       
     read_afkey                                1F69      54      84       1   .text       
     read_Krst_scrn                            1FBD      26      38       1   .text       
     NopDelay                                  1FE3      18      24       3   .text       
     volume_increment                          1FFB      21      33       1   .text       
     volume_decrement                          201C      33      51       1   .text       
     volume_dwq_to                             204F       F      15       3   .text       
     check_change                              205E      57      87       1   .text       
     led_do_acd                                20B5      1F      31       3   .text       
     led_operate                               20D4      24      36       1   .text       
     reset_host                                20F8      56      86       2   .text       
     reset_arm                                 214E      2B      43       1   .text       
     sfrInit                                   2179      C7     199       1   .text       
     T2                                        2240      1E      30       1   .text       
     SCI1_ERROR                                225E       5       5       1   .text       
     SCI1_R                                    2263      58      88       1   .text       
     SCI1_T                                    22BB      4D      77       1   .text       
     SCI2_ERROR                                2308       5       5       1   .text       
     SCI2_R                                    230D      51      81       1   .text       
     SCI2_T                                    235E      4B      75       1   .text       
     key_do                                    23A9      46      70       1   .text       
     main                                      23EF     16D     365       4   .text       
- VARIABLES:
     Volv_lvel                                 18F2      1E      30       3   .rodata     
     regs1_7037                                 100      94     148       1   .data       
     time_counter                               194       6       6      19   .bss        
     _Vector_14                                FFE2       2       2       0   .abs_section_ffe2
     _Vector_16                                FFDE       2       2       0   .abs_section_ffde
     _Vector_17                                FFDC       2       2       0   .abs_section_ffdc
     _Vector_18                                FFDA       2       2       0   .abs_section_ffda
     _Vector_19                                FFD8       2       2       0   .abs_section_ffd8
     _Vector_20                                FFD6       2       2       0   .abs_section_ffd6
     _Vector_21                                FFD4       2       2       0   .abs_section_ffd4
     agn_int7037t                               19A       1       1       7   .common     
     rst_3s                                     19B       1       1       5   .common     
     fsyc                                       19C       1       1       1   .common     
     uuuu                                       19D       2       2       1   .common     
     timebase                                   19F       1       1       4   .common     
     ms10                                       1A0       1       1       3   .common     
     sec1s                                      1A1       1       1       3   .common     
     min60m                                     1A2       1       1       3   .common     
     key_vl                                     1A3       1       1       6   .common     
     key_vlBF                                   1A4       1       1       2   .common     
     key_tup                                    1A5       1       1       4   .common     
     key_td                                     1A6       1       1       4   .common     
     receive_list                               1A7       8       8       2   .common     
     send_list                                  1AF       C      12       2   .common     
     ad_tmp                                     1BB       1       1       1   .common     
     volume                                     1BC       1       1       4   .common     
     volumeBF                                   1BD       1       1       2   .common     
     rst_armt                                   1BE       2       2       7   .common     
     T1302_year                                 1C0       1       1       2   .common     
     T1302_mth                                  1C1       1       1       1   .common     
     T1302_day                                  1C2       1       1       1   .common     
     T1302_hour                                 1C3       1       1       1   .common     
     T1302_min                                  1C4       1       1       1   .common     
     T1302_sec                                  1C5       1       1       1   .common     
     safe_zt                                    1C6       8       8       5   .common     
     safe_bf                                    1CE       8       8       2   .common     
     pot_a                                      1D6       1       1       2   .common     
     pa_sm_t                                    1D7       1       1       4   .common     
     safe_jj                                    1D8       1       1       3   .common     
     safe_jjbf                                  1D9       1       1       2   .common     
     safe_jtm                                   1DA       1       1       1   .common     
     kScr_hlbz                                  1DB       1       1       3   .common     
     kScr_t                                     1DC       2       2       3   .common     
     rut_zt                                     1DE       1       1       1   .common     
     tlphn_zt                                   1DF       1       1       1   .common     
     ledzt                                      1E0       8       8       3   .common     
     bw_armbf                                   1E8       1       1       2   .common     
     rsvbufi                                    1E9      23      35       4   .common     
     rsvbufm                                    20C      23      35      15   .common     
     rsv_p                                      22F       1       1       6   .common     
     rsvover                                    230       1       1       4   .common     
     headf5bz                                   231       1       1       2   .common     
     rsv_ack                                    232       1       1       3   .common     
     Sndbuf                                     233      AF     175      55   .common     
     snd_p                                      2E2       1       1       5   .common     
     snd_frm                                    2E3       1       1       6   .common     
     snd_BWenNo                                 2E4       1       1       4   .common     
     RxTelbufi                                  2E5      1E      30       2   .common     
     RxTel_p                                    303       1       1       6   .common     
     RxTelov                                    304       1       1       2   .common     
     RxTelf5bz                                  305       1       1       2   .common     
     TxTelbuf                                   306      A5     165       5   .common     
     Tel_p                                      3AB       1       1       5   .common     
     Tel_frm                                    3AC       1       1       4   .common     
     _global_error_                             3AD       1       1       1   .common     
     msgflag                                    3AE       1       1       1   .common     
MODULE:                 -- start08_c.obj --
- PROCEDURES:
     loadByte                                  1860       E      14       5   .init       
     Init                                      186E      6D     109       1   .init       
     _Startup                                  18DB       9       9       0   .init       
- VARIABLES:
     _startupData                              18E4       6       6       4   .startData  
- LABELS:
     __SEG_END_SSTACK                           42F       0       0       1               
MODULE:                 -- mc9s08ac60_c.obj --
- PROCEDURES:
- VARIABLES:
     _PTAD                                        0       1       1       2   .abs_section_0
     _PTADD                                       1       1       1       1   .abs_section_1
     _PTBD                                        2       1       1       6   .abs_section_2
     _PTBDD                                       3       1       1       1   .abs_section_3
     _PTCD                                        4       1       1      22   .abs_section_4
     _PTCDD                                       5       1       1       1   .abs_section_5
     _PTDD                                        6       1       1       5   .abs_section_6
     _PTDDD                                       7       1       1       1   .abs_section_7
     _PTED                                        8       1       1      29   .abs_section_8
     _PTEDD                                       9       1       1       1   .abs_section_9
     _PTFD                                        A       1       1       2   .abs_section_a
     _PTFDD                                       B       1       1       1   .abs_section_b
     _PTGD                                        C       1       1       1   .abs_section_c
     _PTGDD                                       D       1       1       1   .abs_section_d
     _ADC1SC1                                    10       1       1       1   .abs_section_10
     _ADC1SC2                                    11       1       1       1   .abs_section_11
     _ADC1CFG                                    16       1       1       1   .abs_section_16
     _APCTL1                                     17       1       1       1   .abs_section_17
     _APCTL2                                     18       1       1       1   .abs_section_18
     _IRQSC                                      1C       1       1       0   .abs_section_1c
     _KBISC                                      1E       1       1       0   .abs_section_1e
     _KBIPE                                      1F       1       1       0   .abs_section_1f
     _TPM1SC                                     20       1       1       0   .abs_section_20
     _TPM1C0SC                                   25       1       1       0   .abs_section_25
     _TPM1C1SC                                   28       1       1       0   .abs_section_28
     _TPM1C2SC                                   2B       1       1       0   .abs_section_2b
     _TPM1C3SC                                   2E       1       1       0   .abs_section_2e
     _TPM1C4SC                                   31       1       1       0   .abs_section_31
     _TPM1C5SC                                   34       1       1       0   .abs_section_34
     _SCI1C1                                     3A       1       1       1   .abs_section_3a
     _SCI1C2                                     3B       1       1       6   .abs_section_3b
     _SCI1S1                                     3C       1       1       4   .abs_section_3c
     _SCI1S2                                     3D       1       1       1   .abs_section_3d
     _SCI1C3                                     3E       1       1       1   .abs_section_3e
     _SCI1D                                      3F       1       1       3   .abs_section_3f
     _SCI2C1                                     42       1       1       1   .abs_section_42
     _SCI2C2                                     43       1       1       8   .abs_section_43
     _SCI2S1                                     44       1       1       4   .abs_section_44
     _SCI2S2                                     45       1       1       1   .abs_section_45
     _SCI2C3                                     46       1       1       1   .abs_section_46
     _SCI2D                                      47       1       1       4   .abs_section_47
     _ICGC1                                      48       1       1       1   .abs_section_48
     _ICGC2                                      49       1       1       1   .abs_section_49
     _ICGS1                                      4A       1       1       2   .abs_section_4a
     _ICGS2                                      4B       1       1       0   .abs_section_4b
     _ICGTRM                                     4E       1       1       0   .abs_section_4e
     _SPI1C1                                     50       1       1       0   .abs_section_50
     _SPI1C2                                     51       1       1       0   .abs_section_51
     _SPI1BR                                     52       1       1       0   .abs_section_52
     _SPI1S                                      53       1       1       0   .abs_section_53
     _SPI1D                                      55       1       1       0   .abs_section_55
     _CRCH                                       56       1       1       0   .abs_section_56
     _CRCL                                       57       1       1       0   .abs_section_57
     _IIC1A                                      58       1       1       0   .abs_section_58
     _IIC1F                                      59       1       1       0   .abs_section_59
     _IIC1C1                                     5A       1       1       0   .abs_section_5a
     _IIC1S                                      5B       1       1       0   .abs_section_5b
     _IIC1D                                      5C       1       1       0   .abs_section_5c
     _IIC1C2                                     5D       1       1       0   .abs_section_5d
     _TPM2SC                                     60       1       1       3   .abs_section_60
     _TPM2C0SC                                   65       1       1       0   .abs_section_65
     _TPM2C1SC                                   68       1       1       0   .abs_section_68
     _SRS                                      1800       1       1      10   .abs_section_1800
     _SBDFR                                    1801       1       1       0   .abs_section_1801
     _SOPT                                     1802       1       1       1   .abs_section_1802
     _SMCLK                                    1803       1       1       0   .abs_section_1803
     _SRTISC                                   1808       1       1       0   .abs_section_1808
     _SPMSC1                                   1809       1       1       1   .abs_section_1809
     _SPMSC2                                   180A       1       1       1   .abs_section_180a
     _SOPT2                                    180C       1       1       0   .abs_section_180c
     _DBGC                                     1816       1       1       0   .abs_section_1816
     _DBGT                                     1817       1       1       0   .abs_section_1817
     _DBGS                                     1818       1       1       0   .abs_section_1818
     _FCDIV                                    1820       1       1       0   .abs_section_1820
     _FOPT                                     1821       1       1       0   .abs_section_1821
     _FCNFG                                    1823       1       1       0   .abs_section_1823
     _FPROT                                    1824       1       1       0   .abs_section_1824
     _FSTAT                                    1825       1       1       0   .abs_section_1825
     _FCMD                                     1826       1       1       0   .abs_section_1826
     _TPM3SC                                   1830       1       1       0   .abs_section_1830
     _TPM3C0SC                                 1835       1       1       0   .abs_section_1835
     _TPM3C1SC                                 1838       1       1       0   .abs_section_1838
     _PTAPE                                    1840       1       1       1   .abs_section_1840
     _PTASE                                    1841       1       1       1   .abs_section_1841
     _PTADS                                    1842       1       1       0   .abs_section_1842
     _PTBPE                                    1844       1       1       1   .abs_section_1844
     _PTBSE                                    1845       1       1       1   .abs_section_1845
     _PTBDS                                    1846       1       1       0   .abs_section_1846
     _PTCPE                                    1848       1       1       1   .abs_section_1848
     _PTCSE                                    1849       1       1       1   .abs_section_1849
     _PTCDS                                    184A       1       1       0   .abs_section_184a
     _PTDPE                                    184C       1       1       1   .abs_section_184c
     _PTDSE                                    184D       1       1       1   .abs_section_184d
     _PTDDS                                    184E       1       1       0   .abs_section_184e
     _PTEPE                                    1850       1       1       1   .abs_section_1850
     _PTESE                                    1851       1       1       1   .abs_section_1851
     _PTEDS                                    1852       1       1       0   .abs_section_1852
     _PTFPE                                    1854       1       1       1   .abs_section_1854
     _PTFSE                                    1855       1       1       1   .abs_section_1855
     _PTFDS                                    1856       1       1       0   .abs_section_1856
     _PTGPE                                    1858       1       1       1   .abs_section_1858
     _PTGSE                                    1859       1       1       1   .abs_section_1859
     _PTGDS                                    185A       1       1       0   .abs_section_185a
     _ADC1R                                      12       2       2       0   .abs_section_12
     _ADC1CV                                     14       2       2       0   .abs_section_14
     _TPM1CNT                                    21       2       2       0   .abs_section_21
     _TPM1MOD                                    23       2       2       0   .abs_section_23
     _TPM1C0V                                    26       2       2       0   .abs_section_26
     _TPM1C1V                                    29       2       2       0   .abs_section_29
     _TPM1C2V                                    2C       2       2       0   .abs_section_2c
     _TPM1C3V                                    2F       2       2       0   .abs_section_2f
     _TPM1C4V                                    32       2       2       0   .abs_section_32
     _TPM1C5V                                    35       2       2       0   .abs_section_35
     _SCI1BD                                     38       2       2       1   .abs_section_38
     _SCI2BD                                     40       2       2       1   .abs_section_40
     _ICGFLT                                     4C       2       2       0   .abs_section_4c
     _TPM2CNT                                    61       2       2       0   .abs_section_61
     _TPM2MOD                                    63       2       2       2   .abs_section_63
     _TPM2C0V                                    66       2       2       0   .abs_section_66
     _TPM2C1V                                    69       2       2       0   .abs_section_69
     _SDID                                     1806       2       2       0   .abs_section_1806
     _DBGCA                                    1810       2       2       0   .abs_section_1810
     _DBGCB                                    1812       2       2       0   .abs_section_1812
     _DBGF                                     1814       2       2       0   .abs_section_1814
     _TPM3CNT                                  1831       2       2       0   .abs_section_1831
     _TPM3MOD                                  1833       2       2       0   .abs_section_1833
     _TPM3C0V                                  1836       2       2       0   .abs_section_1836
     _TPM3C1V                                  1839       2       2       0   .abs_section_1839
MODULE:                 -- rtshc08.o (ansiis.lib) --
- PROCEDURES:
     _IDIVMOD                                  255C      69     105       1   .text       
     _IMODU_STAR08                             25C5      10      16       1   .text       
     _IMODU_8                                  25D5      12      18       1   .text       
     _ICMP                                     25E7      16      22       5   .text       
     _Jump_Table_Offset                        25FD      19      25       2   .text       
     _Jump_Table_Header_Offset                 2616      24      36       1   .text       
     _Search_Table_8_Addr                      263A      21      33       1   .text       
- VARIABLES:

*********************************************************************************************
MODULE STATISTIC
  Name                                      Data   Code  Const
---------------------------------------------------------------------------------------------
  main_c.obj                                 687   3148     44
  start08_c.obj                                0    132      0
  mc9s08ac60_c.obj                           153      0      0
  rtshc08.o (ansiis.lib)                       0    255      0
  other                                      128     16    154

*********************************************************************************************
SECTION USE IN OBJECT-ALLOCATION SECTION
---------------------------------------------------------------------------------------------
SECTION: ".text"
  INIT_LIST_HEAD read7037byte write7037byte WRC7037byte init7037 
  power_down7037 send2host prepare_sndarm_pack led_rx_onoff respond2Host 
  read_afkey read_Krst_scrn NopDelay volume_increment volume_decrement 
  volume_dwq_to check_change led_do_acd led_operate reset_host reset_arm 
  sfrInit T2 SCI1_ERROR SCI1_R SCI1_T SCI2_ERROR SCI2_R SCI2_T key_do main 
  _IDIVMOD _IMODU_STAR08 _IMODU_8 _ICMP _Jump_Table_Offset 
  _Jump_Table_Header_Offset _Search_Table_8_Addr 
SECTION: ".data"
  regs1_7037 
SECTION: ".bss"
  time_counter 
SECTION: ".init"
  loadByte Init _Startup 
SECTION: ".rodata"
  Volv_lvel 
SECTION: ".abs_section_ffe2"
  _Vector_14 
SECTION: ".abs_section_ffde"
  _Vector_16 
SECTION: ".abs_section_ffdc"
  _Vector_17 
SECTION: ".abs_section_ffda"
  _Vector_18 
SECTION: ".abs_section_ffd8"
  _Vector_19 
SECTION: ".abs_section_ffd6"
  _Vector_20 
SECTION: ".abs_section_ffd4"
  _Vector_21 
SECTION: ".common"
  agn_int7037t rst_3s fsyc uuuu timebase ms10 sec1s min60m key_vl key_vlBF 
  key_tup key_td receive_list send_list ad_tmp volume volumeBF rst_armt 
  T1302_year T1302_mth T1302_day T1302_hour T1302_min T1302_sec safe_zt safe_bf 
  pot_a pa_sm_t safe_jj safe_jjbf safe_jtm kScr_hlbz kScr_t rut_zt tlphn_zt 
  ledzt bw_armbf rsvbufi rsvbufm rsv_p rsvover headf5bz rsv_ack Sndbuf snd_p 
  snd_frm snd_BWenNo RxTelbufi RxTel_p RxTelov RxTelf5bz TxTelbuf Tel_p Tel_frm 
  _global_error_ msgflag 
SECTION: ".abs_section_0"
  _PTAD 
SECTION: ".abs_section_1"
  _PTADD 
SECTION: ".abs_section_2"
  _PTBD 
SECTION: ".abs_section_3"
  _PTBDD 
SECTION: ".abs_section_4"
  _PTCD 
SECTION: ".abs_section_5"
  _PTCDD 
SECTION: ".abs_section_6"
  _PTDD 
SECTION: ".abs_section_7"
  _PTDDD 
SECTION: ".abs_section_8"
  _PTED 
SECTION: ".abs_section_9"
  _PTEDD 
SECTION: ".abs_section_a"
  _PTFD 
SECTION: ".abs_section_b"
  _PTFDD 
SECTION: ".abs_section_c"
  _PTGD 
SECTION: ".abs_section_d"
  _PTGDD 
SECTION: ".abs_section_10"
  _ADC1SC1 
SECTION: ".abs_section_11"
  _ADC1SC2 
SECTION: ".abs_section_16"
  _ADC1CFG 
SECTION: ".abs_section_17"
  _APCTL1 
SECTION: ".abs_section_18"
  _APCTL2 
SECTION: ".abs_section_1c"
  _IRQSC 
SECTION: ".abs_section_1e"
  _KBISC 
SECTION: ".abs_section_1f"
  _KBIPE 
SECTION: ".abs_section_20"
  _TPM1SC 
SECTION: ".abs_section_25"
  _TPM1C0SC 
SECTION: ".abs_section_28"
  _TPM1C1SC 
SECTION: ".abs_section_2b"
  _TPM1C2SC 
SECTION: ".abs_section_2e"
  _TPM1C3SC 
SECTION: ".abs_section_31"
  _TPM1C4SC 
SECTION: ".abs_section_34"
  _TPM1C5SC 
SECTION: ".abs_section_3a"
  _SCI1C1 
SECTION: ".abs_section_3b"
  _SCI1C2 
SECTION: ".abs_section_3c"
  _SCI1S1 
SECTION: ".abs_section_3d"
  _SCI1S2 
SECTION: ".abs_section_3e"
  _SCI1C3 
SECTION: ".abs_section_3f"
  _SCI1D 
SECTION: ".abs_section_42"
  _SCI2C1 
SECTION: ".abs_section_43"
  _SCI2C2 
SECTION: ".abs_section_44"
  _SCI2S1 
SECTION: ".abs_section_45"
  _SCI2S2 
SECTION: ".abs_section_46"
  _SCI2C3 
SECTION: ".abs_section_47"
  _SCI2D 
SECTION: ".abs_section_48"
  _ICGC1 
SECTION: ".abs_section_49"
  _ICGC2 
SECTION: ".abs_section_4a"
  _ICGS1 
SECTION: ".abs_section_4b"
  _ICGS2 
SECTION: ".abs_section_4e"
  _ICGTRM 
SECTION: ".abs_section_50"
  _SPI1C1 
SECTION: ".abs_section_51"
  _SPI1C2 
SECTION: ".abs_section_52"
  _SPI1BR 
SECTION: ".abs_section_53"
  _SPI1S 
SECTION: ".abs_section_55"
  _SPI1D 
SECTION: ".abs_section_56"
  _CRCH 
SECTION: ".abs_section_57"
  _CRCL 
SECTION: ".abs_section_58"
  _IIC1A 
SECTION: ".abs_section_59"
  _IIC1F 
SECTION: ".abs_section_5a"
  _IIC1C1 
SECTION: ".abs_section_5b"
  _IIC1S 
SECTION: ".abs_section_5c"
  _IIC1D 
SECTION: ".abs_section_5d"
  _IIC1C2 
SECTION: ".abs_section_60"
  _TPM2SC 
SECTION: ".abs_section_65"
  _TPM2C0SC 
SECTION: ".abs_section_68"
  _TPM2C1SC 
SECTION: ".abs_section_1800"
  _SRS 
SECTION: ".abs_section_1801"
  _SBDFR 
SECTION: ".abs_section_1802"
  _SOPT 
SECTION: ".abs_section_1803"
  _SMCLK 
SECTION: ".abs_section_1808"
  _SRTISC 
SECTION: ".abs_section_1809"
  _SPMSC1 
SECTION: ".abs_section_180a"
  _SPMSC2 
SECTION: ".abs_section_180c"
  _SOPT2 
SECTION: ".abs_section_1816"
  _DBGC 
SECTION: ".abs_section_1817"
  _DBGT 
SECTION: ".abs_section_1818"
  _DBGS 
SECTION: ".abs_section_1820"
  _FCDIV 
SECTION: ".abs_section_1821"
  _FOPT 
SECTION: ".abs_section_1823"
  _FCNFG 
SECTION: ".abs_section_1824"
  _FPROT 
SECTION: ".abs_section_1825"
  _FSTAT 
SECTION: ".abs_section_1826"
  _FCMD 
SECTION: ".abs_section_1830"
  _TPM3SC 
SECTION: ".abs_section_1835"
  _TPM3C0SC 
SECTION: ".abs_section_1838"
  _TPM3C1SC 
SECTION: ".abs_section_1840"
  _PTAPE 
SECTION: ".abs_section_1841"
  _PTASE 
SECTION: ".abs_section_1842"
  _PTADS 
SECTION: ".abs_section_1844"
  _PTBPE 
SECTION: ".abs_section_1845"
  _PTBSE 
SECTION: ".abs_section_1846"
  _PTBDS 
SECTION: ".abs_section_1848"
  _PTCPE 
SECTION: ".abs_section_1849"
  _PTCSE 
SECTION: ".abs_section_184a"
  _PTCDS 
SECTION: ".abs_section_184c"
  _PTDPE 
SECTION: ".abs_section_184d"
  _PTDSE 
SECTION: ".abs_section_184e"
  _PTDDS 
SECTION: ".abs_section_1850"
  _PTEPE 
SECTION: ".abs_section_1851"
  _PTESE 
SECTION: ".abs_section_1852"
  _PTEDS 
SECTION: ".abs_section_1854"
  _PTFPE 
SECTION: ".abs_section_1855"
  _PTFSE 
SECTION: ".abs_section_1856"
  _PTFDS 
SECTION: ".abs_section_1858"
  _PTGPE 
SECTION: ".abs_section_1859"
  _PTGSE 
SECTION: ".abs_section_185a"
  _PTGDS 
SECTION: ".abs_section_12"
  _ADC1R 
SECTION: ".abs_section_14"
  _ADC1CV 
SECTION: ".abs_section_21"
  _TPM1CNT 
SECTION: ".abs_section_23"
  _TPM1MOD 
SECTION: ".abs_section_26"
  _TPM1C0V 
SECTION: ".abs_section_29"
  _TPM1C1V 
SECTION: ".abs_section_2c"
  _TPM1C2V 
SECTION: ".abs_section_2f"
  _TPM1C3V 
SECTION: ".abs_section_32"
  _TPM1C4V 
SECTION: ".abs_section_35"
  _TPM1C5V 
SECTION: ".abs_section_38"
  _SCI1BD 
SECTION: ".abs_section_40"
  _SCI2BD 
SECTION: ".abs_section_4c"
  _ICGFLT 
SECTION: ".abs_section_61"
  _TPM2CNT 
SECTION: ".abs_section_63"
  _TPM2MOD 
SECTION: ".abs_section_66"
  _TPM2C0V 
SECTION: ".abs_section_69"
  _TPM2C1V 
SECTION: ".abs_section_1806"
  _SDID 
SECTION: ".abs_section_1810"
  _DBGCA 
SECTION: ".abs_section_1812"
  _DBGCB 
SECTION: ".abs_section_1814"
  _DBGF 
SECTION: ".abs_section_1831"
  _TPM3CNT 
SECTION: ".abs_section_1833"
  _TPM3MOD 
SECTION: ".abs_section_1836"
  _TPM3C0V 
SECTION: ".abs_section_1839"
  _TPM3C1V 

*********************************************************************************************
OBJECT LIST SORTED BY ADDRESS
     Name                                      Addr   hSize   dSize     Ref    Section   RLIB
---------------------------------------------------------------------------------------------
     _PTAD                                        0       1       1       2   .abs_section_0
     _PTADD                                       1       1       1       1   .abs_section_1
     _PTBD                                        2       1       1       6   .abs_section_2
     _PTBDD                                       3       1       1       1   .abs_section_3
     _PTCD                                        4       1       1      22   .abs_section_4
     _PTCDD                                       5       1       1       1   .abs_section_5
     _PTDD                                        6       1       1       5   .abs_section_6
     _PTDDD                                       7       1       1       1   .abs_section_7
     _PTED                                        8       1       1      29   .abs_section_8
     _PTEDD                                       9       1       1       1   .abs_section_9
     _PTFD                                        A       1       1       2   .abs_section_a
     _PTFDD                                       B       1       1       1   .abs_section_b
     _PTGD                                        C       1       1       1   .abs_section_c
     _PTGDD                                       D       1       1       1   .abs_section_d
     _ADC1SC1                                    10       1       1       1   .abs_section_10
     _ADC1SC2                                    11       1       1       1   .abs_section_11
     _ADC1R                                      12       2       2       0   .abs_section_12
     _ADC1CV                                     14       2       2       0   .abs_section_14
     _ADC1CFG                                    16       1       1       1   .abs_section_16
     _APCTL1                                     17       1       1       1   .abs_section_17
     _APCTL2                                     18       1       1       1   .abs_section_18
     _IRQSC                                      1C       1       1       0   .abs_section_1c
     _KBISC                                      1E       1       1       0   .abs_section_1e
     _KBIPE                                      1F       1       1       0   .abs_section_1f
     _TPM1SC                                     20       1       1       0   .abs_section_20
     _TPM1CNT                                    21       2       2       0   .abs_section_21
     _TPM1MOD                                    23       2       2       0   .abs_section_23
     _TPM1C0SC                                   25       1       1       0   .abs_section_25
     _TPM1C0V                                    26       2       2       0   .abs_section_26
     _TPM1C1SC                                   28       1       1       0   .abs_section_28
     _TPM1C1V                                    29       2       2       0   .abs_section_29
     _TPM1C2SC                                   2B       1       1       0   .abs_section_2b
     _TPM1C2V                                    2C       2       2       0   .abs_section_2c
     _TPM1C3SC                                   2E       1       1       0   .abs_section_2e
     _TPM1C3V                                    2F       2       2       0   .abs_section_2f
     _TPM1C4SC                                   31       1       1       0   .abs_section_31
     _TPM1C4V                                    32       2       2       0   .abs_section_32
     _TPM1C5SC                                   34       1       1       0   .abs_section_34
     _TPM1C5V                                    35       2       2       0   .abs_section_35
     _SCI1BD                                     38       2       2       1   .abs_section_38
     _SCI1C1                                     3A       1       1       1   .abs_section_3a
     _SCI1C2                                     3B       1       1       6   .abs_section_3b
     _SCI1S1                                     3C       1       1       4   .abs_section_3c
     _SCI1S2                                     3D       1       1       1   .abs_section_3d
     _SCI1C3                                     3E       1       1       1   .abs_section_3e
     _SCI1D                                      3F       1       1       3   .abs_section_3f
     _SCI2BD                                     40       2       2       1   .abs_section_40
     _SCI2C1                                     42       1       1       1   .abs_section_42
     _SCI2C2                                     43       1       1       8   .abs_section_43
     _SCI2S1                                     44       1       1       4   .abs_section_44
     _SCI2S2                                     45       1       1       1   .abs_section_45
     _SCI2C3                                     46       1       1       1   .abs_section_46
     _SCI2D                                      47       1       1       4   .abs_section_47
     _ICGC1                                      48       1       1       1   .abs_section_48
     _ICGC2                                      49       1       1       1   .abs_section_49
     _ICGS1                                      4A       1       1       2   .abs_section_4a
     _ICGS2                                      4B       1       1       0   .abs_section_4b
     _ICGFLT                                     4C       2       2       0   .abs_section_4c
     _ICGTRM                                     4E       1       1       0   .abs_section_4e
     _SPI1C1                                     50       1       1       0   .abs_section_50
     _SPI1C2                                     51       1       1       0   .abs_section_51
     _SPI1BR                                     52       1       1       0   .abs_section_52
     _SPI1S                                      53       1       1       0   .abs_section_53
     _SPI1D                                      55       1       1       0   .abs_section_55
     _CRCH                                       56       1       1       0   .abs_section_56
     _CRCL                                       57       1       1       0   .abs_section_57
     _IIC1A                                      58       1       1       0   .abs_section_58
     _IIC1F                                      59       1       1       0   .abs_section_59
     _IIC1C1                                     5A       1       1       0   .abs_section_5a
     _IIC1S                                      5B       1       1       0   .abs_section_5b
     _IIC1D                                      5C       1       1       0   .abs_section_5c
     _IIC1C2                                     5D       1       1       0   .abs_section_5d
     _TPM2SC                                     60       1       1       3   .abs_section_60
     _TPM2CNT                                    61       2       2       0   .abs_section_61
     _TPM2MOD                                    63       2       2       2   .abs_section_63
     _TPM2C0SC                                   65       1       1       0   .abs_section_65
     _TPM2C0V                                    66       2       2       0   .abs_section_66
     _TPM2C1SC                                   68       1       1       0   .abs_section_68
     _TPM2C1V                                    69       2       2       0   .abs_section_69
     regs1_7037                                 100      94     148       1   .data       
     time_counter                               194       6       6      19   .bss        
     agn_int7037t                               19A       1       1       7   .common     
     rst_3s                                     19B       1       1       5   .common     
     fsyc                                       19C       1       1       1   .common     
     uuuu                                       19D       2       2       1   .common     
     timebase                                   19F       1       1       4   .common     
     ms10                                       1A0       1       1       3   .common     
     sec1s                                      1A1       1       1       3   .common     
     min60m                                     1A2       1       1       3   .common     
     key_vl                                     1A3       1       1       6   .common     
     key_vlBF                                   1A4       1       1       2   .common     
     key_tup                                    1A5       1       1       4   .common     
     key_td                                     1A6       1       1       4   .common     
     receive_list                               1A7       8       8       2   .common     
     send_list                                  1AF       C      12       2   .common     
     ad_tmp                                     1BB       1       1       1   .common     
     volume                                     1BC       1       1       4   .common     
     volumeBF                                   1BD       1       1       2   .common     
     rst_armt                                   1BE       2       2       7   .common     
     T1302_year                                 1C0       1       1       2   .common     
     T1302_mth                                  1C1       1       1       1   .common     
     T1302_day                                  1C2       1       1       1   .common     
     T1302_hour                                 1C3       1       1       1   .common     
     T1302_min                                  1C4       1       1       1   .common     
     T1302_sec                                  1C5       1       1       1   .common     
     safe_zt                                    1C6       8       8       5   .common     
     safe_bf                                    1CE       8       8       2   .common     
     pot_a                                      1D6       1       1       2   .common     
     pa_sm_t                                    1D7       1       1       4   .common     
     safe_jj                                    1D8       1       1       3   .common     
     safe_jjbf                                  1D9       1       1       2   .common     
     safe_jtm                                   1DA       1       1       1   .common     
     kScr_hlbz                                  1DB       1       1       3   .common     
     kScr_t                                     1DC       2       2       3   .common     
     rut_zt                                     1DE       1       1       1   .common     
     tlphn_zt                                   1DF       1       1       1   .common     
     ledzt                                      1E0       8       8       3   .common     
     bw_armbf                                   1E8       1       1       2   .common     
     rsvbufi                                    1E9      23      35       4   .common     
     rsvbufm                                    20C      23      35      15   .common     
     rsv_p                                      22F       1       1       6   .common     
     rsvover                                    230       1       1       4   .common     
     headf5bz                                   231       1       1       2   .common     
     rsv_ack                                    232       1       1       3   .common     
     Sndbuf                                     233      AF     175      55   .common     
     snd_p                                      2E2       1       1       5   .common     
     snd_frm                                    2E3       1       1       6   .common     
     snd_BWenNo                                 2E4       1       1       4   .common     
     RxTelbufi                                  2E5      1E      30       2   .common     
     RxTel_p                                    303       1       1       6   .common     
     RxTelov                                    304       1       1       2   .common     
     RxTelf5bz                                  305       1       1       2   .common     
     TxTelbuf                                   306      A5     165       5   .common     
     Tel_p                                      3AB       1       1       5   .common     
     Tel_frm                                    3AC       1       1       4   .common     
     _global_error_                             3AD       1       1       1   .common     
     msgflag                                    3AE       1       1       1   .common     
     _SRS                                      1800       1       1      10   .abs_section_1800
     _SBDFR                                    1801       1       1       0   .abs_section_1801
     _SOPT                                     1802       1       1       1   .abs_section_1802
     _SMCLK                                    1803       1       1       0   .abs_section_1803
     _SDID                                     1806       2       2       0   .abs_section_1806
     _SRTISC                                   1808       1       1       0   .abs_section_1808
     _SPMSC1                                   1809       1       1       1   .abs_section_1809
     _SPMSC2                                   180A       1       1       1   .abs_section_180a
     _SOPT2                                    180C       1       1       0   .abs_section_180c
     _DBGCA                                    1810       2       2       0   .abs_section_1810
     _DBGCB                                    1812       2       2       0   .abs_section_1812
     _DBGF                                     1814       2       2       0   .abs_section_1814
     _DBGC                                     1816       1       1       0   .abs_section_1816
     _DBGT                                     1817       1       1       0   .abs_section_1817
     _DBGS                                     1818       1       1       0   .abs_section_1818
     _FCDIV                                    1820       1       1       0   .abs_section_1820
     _FOPT                                     1821       1       1       0   .abs_section_1821
     _FCNFG                                    1823       1       1       0   .abs_section_1823
     _FPROT                                    1824       1       1       0   .abs_section_1824
     _FSTAT                                    1825       1       1       0   .abs_section_1825
     _FCMD                                     1826       1       1       0   .abs_section_1826
     _TPM3SC                                   1830       1       1       0   .abs_section_1830
     _TPM3CNT                                  1831       2       2       0   .abs_section_1831
     _TPM3MOD                                  1833       2       2       0   .abs_section_1833
     _TPM3C0SC                                 1835       1       1       0   .abs_section_1835
     _TPM3C0V                                  1836       2       2       0   .abs_section_1836
     _TPM3C1SC                                 1838       1       1       0   .abs_section_1838
     _TPM3C1V                                  1839       2       2       0   .abs_section_1839
     _PTAPE                                    1840       1       1       1   .abs_section_1840
     _PTASE                                    1841       1       1       1   .abs_section_1841
     _PTADS                                    1842       1       1       0   .abs_section_1842
     _PTBPE                                    1844       1       1       1   .abs_section_1844
     _PTBSE                                    1845       1       1       1   .abs_section_1845
     _PTBDS                                    1846       1       1       0   .abs_section_1846
     _PTCPE                                    1848       1       1       1   .abs_section_1848
     _PTCSE                                    1849       1       1       1   .abs_section_1849
     _PTCDS                                    184A       1       1       0   .abs_section_184a
     _PTDPE                                    184C       1       1       1   .abs_section_184c
     _PTDSE                                    184D       1       1       1   .abs_section_184d
     _PTDDS                                    184E       1       1       0   .abs_section_184e
     _PTEPE                                    1850       1       1       1   .abs_section_1850
     _PTESE                                    1851       1       1       1   .abs_section_1851
     _PTEDS                                    1852       1       1       0   .abs_section_1852
     _PTFPE                                    1854       1       1       1   .abs_section_1854
     _PTFSE                                    1855       1       1       1   .abs_section_1855
     _PTFDS                                    1856       1       1       0   .abs_section_1856
     _PTGPE                                    1858       1       1       1   .abs_section_1858
     _PTGSE                                    1859       1       1       1   .abs_section_1859
     _PTGDS                                    185A       1       1       0   .abs_section_185a
     loadByte                                  1860       E      14       5   .init       
     Init                                      186E      6D     109       1   .init       
     _Startup                                  18DB       9       9       0   .init       
     Volv_lvel                                 18F2      1E      30       3   .rodata     
     INIT_LIST_HEAD                            1910      20      32       1   .text       
     read7037byte                              1930      50      80       4   .text       
     write7037byte                             1980      42      66       2   .text       
     WRC7037byte                               19C2      79     121       1   .text       
     init7037                                  1A3B      83     131       4   .text       
     power_down7037                            1ABE       B      11       1   .text       
     send2host                                 1AC9      5D      93       1   .text       
     prepare_sndarm_pack                       1B26     295     661      29   .text       
     led_rx_onoff                              1DBB       D      13       2   .text       
     respond2Host                              1DC8     1A1     417       4   .text       
     read_afkey                                1F69      54      84       1   .text       
     read_Krst_scrn                            1FBD      26      38       1   .text       
     NopDelay                                  1FE3      18      24       3   .text       
     volume_increment                          1FFB      21      33       1   .text       
     volume_decrement                          201C      33      51       1   .text       
     volume_dwq_to                             204F       F      15       3   .text       
     check_change                              205E      57      87       1   .text       
     led_do_acd                                20B5      1F      31       3   .text       
     led_operate                               20D4      24      36       1   .text       
     reset_host                                20F8      56      86       2   .text       
     reset_arm                                 214E      2B      43       1   .text       
     sfrInit                                   2179      C7     199       1   .text       
     T2                                        2240      1E      30       1   .text       
     SCI1_ERROR                                225E       5       5       1   .text       
     SCI1_R                                    2263      58      88       1   .text       
     SCI1_T                                    22BB      4D      77       1   .text       
     SCI2_ERROR                                2308       5       5       1   .text       
     SCI2_R                                    230D      51      81       1   .text       
     SCI2_T                                    235E      4B      75       1   .text       
     key_do                                    23A9      46      70       1   .text       
     main                                      23EF     16D     365       4   .text       
     _IDIVMOD                                  255C      69     105       1   .text       
     _IMODU_STAR08                             25C5      10      16       1   .text       
     _IMODU_8                                  25D5      12      18       1   .text       
     _ICMP                                     25E7      16      22       5   .text       
     _Jump_Table_Offset                        25FD      19      25       2   .text       
     _Jump_Table_Header_Offset                 2616      24      36       1   .text       
     _Search_Table_8_Addr                      263A      21      33       1   .text       
     _Vector_21                                FFD4       2       2       0   .abs_section_ffd4
     _Vector_20                                FFD6       2       2       0   .abs_section_ffd6
     _Vector_19                                FFD8       2       2       0   .abs_section_ffd8
     _Vector_18                                FFDA       2       2       0   .abs_section_ffda
     _Vector_17                                FFDC       2       2       0   .abs_section_ffdc
     _Vector_16                                FFDE       2       2       0   .abs_section_ffde
     _Vector_14                                FFE2       2       2       0   .abs_section_ffe2

*********************************************************************************************
UNUSED-OBJECTS SECTION
---------------------------------------------------------------------------------------------
NOT USED PROCEDURES
main_c.obj:
  __list_add list_add __list_del list_del list_empty 
rtshc08.o (ansiis.lib):
  _PUSH_ARGS_L _PUSH_ARGS_D _ENTER_UNARY_L _ENTER_UNARY_L64 _ENTER_UNARY_L64_4 
  _ENTER_BINARY_L _ENTER_BINARY_L_RC _ENTER_BINARY_L_LC _ENTER_BINARY_L64 
  _ENTER_BINARY_L64_LC _ENTER_BINARY_L64_RC _SPLITSIGN _LADD_k_is_k_plus_j 
  _k_is_k_plus_j_l _k_is_k_plus_j_i _LSUB_k_is_k_minus_j _LAND_k_is_k_and_j 
  _LOR_k_is_k_or_j _LXOR_k_is_k_xor_j _LMUL_k_is_k_mul_j _LDIVMOD _NEG_L_HX 
  _ABS_L_HX _SPLITSIGN_L _LMODU_k_is_k_mod_j _LDIVU_k_is_k_div_j 
  _LMODS_k_is_k_mod_j _LDIVS_k_is_k_div_j _LCMP_k_rel_j _CMP24_k_rel_j _BMULS 
  _BDIVS _BMODS _IMUL_STAR08 _IDIVS_STAR08 _IDIVU_STAR08 _IMODS_STAR08 _IDIVU_8 
  _IASR _ILSR _ILSL _LINC _LDEC _LNEG _LNOT _LADD _LADD_RC _LSUB _LSUB_LC 
  _LSUB_RC _LAND _LAND_RC _LOR _LOR_RC _LXOR _LXOR_RC _LMUL _LMUL_RC _LDIVS 
  _LDIVS_LC _LDIVS_RC _LDIVU _LDIVU_LC _LDIVU_RC _LMODS _LMODS_LC _LMODS_RC 
  _LMODU _LMODU_LC _LMODU_RC _LASR _LLSR _LLSL _LCMP _LCMP_RC _PUSH_ARGS_24 
  _ENTER_BINARY_24_RC _ENTER_BINARY_24 _CMP24 _CMP24_RC _COPY _COPY_L _POP32 
  _POP64 _STORE32 _STORE64 _SEXT8_32 _SEXT16_32 _CALL_STAR08 _CALL_STAR08_FAR 
  _Jump_Table_Addr _Jump_Table_Header_Addr _Search_Table_16_Addr 
  _Search_Table_16_Offset _Search_Table_8_Offset _PUSH_CC _POP_CC 
  _CONV_FAR_TO_NEAR _CONV_FAR_TO_LINEAR _CONV_LINEAR_TO_FAR 
NOT USED VARIABLES
main_c.obj:
  Volv_lvel_99999 Dvc_Lbalvl Dvc_miclvl temp_mv ad_value ad_tmpbf pwer_t 
  SD_sec SD_min SD_hour SD_day SD_mth SD_year T1302_week safe_jbz Rlayzt Telarm 
  Telmdl Dtmfarm Dtmfmdl bw_telbf RxTelbufm Tel_BWenNo 
rtshc08.o (ansiis.lib):
  _PowOfTwo_8 _PowOfTwo_16 _PowOfTwo_32 errno 

*********************************************************************************************
COPYDOWN SECTION
---------------------------------------------------------------------------------------------
------- ROM-ADDRESS: 0x265B ---- SIZE       4 ---
Filling bytes inserted
 00940100
------- ROM-ADDRESS: 0x265F ---- RAM-ADDRESS: 0x100 ---- SIZE     148 ---
Name of initialized Object : regs1_7037
 0180060F07 00081F09C6 0180060B07
 B508000909 0180060B07 B608000912
 0180060F07 8B08700900 0180060F07
 8C08080900 0180060F07 9608000901
 0180060F07 1108020900 0180060F07
 0A081109E3 0180060F07 0B080C09AA
 0180060F07 0C08060958 0180060F07
 14080509A6 0180060F07 150801096A
 0180021003 00041E0506 0B4C0C4C0D
 000E881083 1182120214 00000D
------- ROM-ADDRESS: 0x26F3 ---- SIZE       2 ---
Filling bytes inserted
 0000

*********************************************************************************************
OBJECT-DEPENDENCIES SECTION
---------------------------------------------------------------------------------------------
Init                      USES _startupData loadByte 
_Startup                  USES __SEG_END_SSTACK Init main 
read7037byte              USES _PTED NopDelay 
write7037byte             USES _PTED 
WRC7037byte               USES write7037byte time_counter _SRS read7037byte 
                                agn_int7037t 
init7037                  USES _PTED _PTBD NopDelay _SRS time_counter 
                                read7037byte agn_int7037t regs1_7037 WRC7037byte 
power_down7037            USES _PTED _PTBD 
send2host                 USES snd_frm Sndbuf _SCI2C2 snd_p _SCI2D 
prepare_sndarm_pack       USES Sndbuf prepare_sndarm_pack snd_BWenNo 
                                _Search_Table_8_Addr rsv_ack rut_zt ad_tmp tlphn_zt T1302_year 
                                T1302_mth T1302_day T1302_hour T1302_min T1302_sec 
                                safe_zt safe_jj key_vl 
respond2Host              USES rsvover rsv_p rsvbufi rsvbufm bw_armbf rst_armt 
                                rsv_ack _Jump_Table_Offset respond2Host Sndbuf uuuu 
                                volume volumeBF init7037 Volv_lvel volume_dwq_to 
                                led_rx_onoff ledzt reset_host write7037byte power_down7037 
                                prepare_sndarm_pack 
read_afkey                USES _PTAD pot_a pa_sm_t safe_zt safe_jtm 
read_Krst_scrn            USES kScr_t _PTBD kScr_hlbz 
volume_increment          USES _PTCD 
volume_decrement          USES _PTCD _ICMP 
volume_dwq_to             USES volume_decrement volume_increment 
check_change              USES safe_zt safe_bf prepare_sndarm_pack safe_jj 
                                safe_jjbf kScr_hlbz 
led_do_acd                USES ledzt _Jump_Table_Header_Offset timebase 
led_operate               USES led_do_acd _PTCD 
reset_host                USES receive_list send_list msgflag time_counter 
                                _global_error_ Volv_lvel volume_dwq_to _SCI1C2 _SCI2C2 
                                INIT_LIST_HEAD 
reset_arm                 USES _PTDD time_counter _SRS 
sfrInit                   USES _SOPT _SPMSC1 _SPMSC2 _ICGC1 _ICGC2 _SRS _ICGS1 
                                _SCI1C2 _SCI1S1 _SCI1D _SCI1S2 _SCI1BD _SCI1C1 _SCI1C3 
                                _SCI2C2 _SCI2S1 _SCI2D _SCI2S2 _SCI2BD _SCI2C1 _SCI2C3 
                                _APCTL1 _APCTL2 _ADC1CFG _ADC1SC2 _ADC1SC1 _TPM2SC 
                                _TPM2MOD _PTAPE _PTBPE _PTCPE _PTDPE _PTEPE _PTFPE 
                                _PTGPE _PTASE _PTBSE _PTCSE _PTDSE _PTESE _PTFSE 
                                _PTGSE _PTAD _PTBD _PTCD _PTDD _PTED _PTFD _PTGD 
                                _PTADD _PTBDD _PTCDD _PTDDD _PTEDD _PTFDD _PTGDD 
                                NopDelay 
T2                        USES _TPM2SC _TPM2MOD time_counter ms10 
SCI1_ERROR                USES _SCI1S1 
SCI1_R                    USES _SCI1S1 _SCI1D RxTelov RxTelf5bz RxTel_p 
                                RxTelbufi _ICMP 
SCI1_T                    USES _SCI1S1 Tel_frm TxTelbuf Tel_p _ICMP _SCI1D 
                                _SCI1C2 _PTFD 
SCI2_ERROR                USES _SCI2S1 
SCI2_R                    USES _SCI2S1 _SCI2D rsvover headf5bz rsv_p rsvbufi 
                                _ICMP 
SCI2_T                    USES _SCI2S1 snd_frm Sndbuf snd_p _ICMP _SCI2D 
                                _SCI2C2 
key_do                    USES _PTDD key_tup key_td key_vl 
main                      USES sfrInit reset_host init7037 snd_frm Tel_frm 
                                Sndbuf TxTelbuf Tel_p Volv_lvel volume_dwq_to fsyc 
                                rst_3s _SRS ms10 key_do key_vl key_vlBF 
                                prepare_sndarm_pack main timebase sec1s min60m agn_int7037t 
                                rst_armt _IMODU_8 reset_arm read_afkey read_Krst_scrn 
                                check_change respond2Host send2host led_operate 
_IMODU_STAR08             USES _IDIVMOD 
_IMODU_8                  USES _IMODU_STAR08 
_Vector_21                USES SCI2_T 
_Vector_20                USES SCI2_R 
_Vector_19                USES SCI2_ERROR 
_Vector_18                USES SCI1_T 
_Vector_17                USES SCI1_R 
_Vector_16                USES SCI1_ERROR 
_Vector_14                USES T2 

*********************************************************************************************
DEPENDENCY TREE
*********************************************************************************************
 main and _Startup Group
 | 
 +- main                
 |  | 
 |  +- sfrInit             
 |  |  | 
 |  |  +- NopDelay            
 |  |       
 |  +- reset_host          
 |  |  | 
 |  |  +- volume_dwq_to       
 |  |  |  | 
 |  |  |  +- volume_decrement    
 |  |  |  |  | 
 |  |  |  |  +- _ICMP               
 |  |  |  |       
 |  |  |  +- volume_increment    
 |  |  |       
 |  |  +- INIT_LIST_HEAD      
 |  |       
 |  +- init7037            
 |  |  | 
 |  |  +- NopDelay             (see above)
 |  |  |  
 |  |  +- read7037byte        
 |  |  |  | 
 |  |  |  +- NopDelay             (see above)
 |  |  |     
 |  |  +- WRC7037byte         
 |  |     | 
 |  |     +- write7037byte       
 |  |     |    
 |  |     +- read7037byte         (see above)
 |  |        
 |  +- volume_dwq_to        (see above)
 |  |  
 |  +- key_do              
 |  |    
 |  +- prepare_sndarm_pack 
 |  |  | 
 |  |  +- _Search_Table_8_Addr
 |  |       
 |  +- _IMODU_8            
 |  |  | 
 |  |  +- _IMODU_STAR08       
 |  |     | 
 |  |     +- _IDIVMOD            
 |  |          
 |  +- reset_arm           
 |  |    
 |  +- read_afkey          
 |  |    
 |  +- read_Krst_scrn      
 |  |    
 |  +- check_change        
 |  |  | 
 |  |  +- prepare_sndarm_pack  (see above)
 |  |     
 |  +- respond2Host        
 |  |  | 
 |  |  +- _Jump_Table_Offset  
 |  |  |    
 |  |  +- init7037             (see above)
 |  |  |  
 |  |  +- volume_dwq_to        (see above)
 |  |  |  
 |  |  +- led_rx_onoff        
 |  |  |    
 |  |  +- reset_host           (see above)
 |  |  |  
 |  |  +- write7037byte        (see above)
 |  |  |  
 |  |  +- power_down7037      
 |  |  |    
 |  |  +- prepare_sndarm_pack  (see above)
 |  |     
 |  +- send2host           
 |  |    
 |  +- led_operate         
 |     | 
 |     +- led_do_acd          
 |        | 
 |        +- _Jump_Table_Header_Offset
 |             
 +- _Startup            
    | 
    +- Init                
    |  | 
    |  +- loadByte            
    |       
    +- main                 (see above)
       
 _Vector_14          
 | 
 +- T2                  
      
 _Vector_16          
 | 
 +- SCI1_ERROR          
      
 _Vector_17          
 | 
 +- SCI1_R              
    | 
    +- _ICMP                (see above)
       
 _Vector_18          
 | 
 +- SCI1_T              
    | 
    +- _ICMP                (see above)
       
 _Vector_19          
 | 
 +- SCI2_ERROR          
      
 _Vector_20          
 | 
 +- SCI2_R              
    | 
    +- _ICMP                (see above)
       
 _Vector_21          
 | 
 +- SCI2_T              
    | 
    +- _ICMP                (see above)
       
*********************************************************************************************
STATISTIC SECTION
---------------------------------------------------------------------------------------------

ExeFile:
--------
Number of blocks to be downloaded: 12
Total size of all blocks to be downloaded: 3749

